*------------------------------------------------------------*
User:                mital
Date:                August 07, 2022
Time:                18:36:15 o'clock
*------------------------------------------------------------*
* Training Output
*------------------------------------------------------------*
 
 
 
 
Variable Summary
 
          Measurement    Frequency
 Role        Level         Count
 
INPUT       NOMINAL          9
TARGET      NOMINAL          1
 
 
 
 
Partition Summary
 
                                     Number of
Type             Data Set          Observations
 
DATA        EMWS2.FIMPORT_train         286
TRAIN       EMWS2.Part_TRAIN            170
VALIDATE    EMWS2.Part_VALIDATE          86
TEST        EMWS2.Part_TEST              30


*------------------------------------------------------------*
* Score Output
*------------------------------------------------------------*


*------------------------------------------------------------*
* Report Output
*------------------------------------------------------------*
 
 
 
 
Summary Statistics for Class Targets
 
Data=DATA
 
            Numeric                            Frequency
Variable     Value       Formatted Value         Count      Percent    Label
 
 Class         .       no-recurrence-events       201       70.2797    Class
 Class         .       recurrence-events           85       29.7203    Class
 
 
Data=TEST
 
            Numeric                            Frequency
Variable     Value       Formatted Value         Count      Percent    Label
 
 Class         .       no-recurrence-events        21          70      Class
 Class         .       recurrence-events            9          30      Class
 
 
Data=TRAIN
 
            Numeric                            Frequency
Variable     Value       Formatted Value         Count      Percent    Label
 
 Class         .       no-recurrence-events       120       70.5882    Class
 Class         .       recurrence-events           50       29.4118    Class
 
 
Data=VALIDATE
 
            Numeric                            Frequency
Variable     Value       Formatted Value         Count      Percent    Label
 
 Class         .       no-recurrence-events        60       69.7674    Class
 Class         .       recurrence-events           26       30.2326    Class
